// Jest Snapshot v1, https://goo.gl/fbAQLP

exports[`IntroScreen Component should run a test to check a number 1`] = `<introscreen />`;
